[2026-07-02 20:20:03] INFO in config: Constructing the database URL from environment variables.
[2026-07-02 20:20:03] INFO in database: Database engine created successfully.
[2026-07-02 20:20:03] INFO in main: FastAPI application has started successfully.
[2026-07-02 20:20:59] INFO in config: Constructing the database URL from environment variables.
[2026-07-02 20:20:59] INFO in database: Database engine created successfully.
[2026-07-02 20:21:00] INFO in main: FastAPI application has started successfully.
[2026-07-02 20:26:16] INFO in config: Constructing the database URL from environment variables.
[2026-07-02 20:26:16] INFO in database: Database engine created successfully.
[2026-07-02 20:26:16] INFO in main: FastAPI application has started successfully.
[2026-07-02 20:29:21] INFO in config: Constructing the database URL from environment variables.
[2026-07-02 20:29:21] INFO in database: Database engine created successfully.
[2026-07-02 20:29:21] INFO in main: FastAPI application has started successfully.
[2026-07-02 20:30:03] INFO in config: Constructing the database URL from environment variables.
[2026-07-02 20:30:03] INFO in database: Database engine created successfully.
[2026-07-02 20:30:03] INFO in main: FastAPI application has started successfully.
[2026-07-02 20:34:09] INFO in config: Constructing the database URL from environment variables.
[2026-07-02 20:34:09] INFO in database: Database engine created successfully.
[2026-07-02 20:34:09] INFO in main: FastAPI application has started successfully.
[2026-07-02 20:41:23] INFO in config: Constructing the database URL from environment variables.
[2026-07-02 20:41:23] INFO in database: Database engine created successfully.
[2026-07-02 20:41:24] INFO in main: FastAPI application has started successfully.
[2026-07-02 20:41:29] INFO in config: Constructing the database URL from environment variables.
[2026-07-02 20:41:29] INFO in database: Database engine created successfully.
[2026-07-02 20:41:29] INFO in main: FastAPI application has started successfully.
[2026-07-02 20:42:49] INFO in auth_crud: Admin ID 3 logged out from IP: 127.0.0.1
[2026-07-02 20:43:51] INFO in config: Constructing the database URL from environment variables.
[2026-07-02 20:43:51] INFO in database: Database engine created successfully.
[2026-07-02 20:43:52] INFO in main: FastAPI application has started successfully.
[2026-07-02 20:45:04] INFO in config: Constructing the database URL from environment variables.
[2026-07-02 20:45:04] INFO in database: Database engine created successfully.
[2026-07-02 20:45:04] INFO in main: FastAPI application has started successfully.
[2026-07-02 20:47:48] INFO in auth_crud: Admin ID 4 logged out from IP: 127.0.0.1
[2026-07-02 20:47:59] INFO in auth_crud: Successful admin login for school_admin email: admin@ladyandal.org from IP: 127.0.0.1
[2026-07-02 20:48:41] INFO in auth_crud: Admin ID 4 logged out from IP: 127.0.0.1
[2026-07-02 20:48:53] INFO in auth_crud: Successful admin login for hr_head email: hrhead.themadrassevasadan.org from IP: 127.0.0.1
[2026-07-02 20:49:32] INFO in auth_crud: Successful login for candidate email: ramesramesh0724@gmail.com from IP: 127.0.0.1
[2026-07-02 20:54:15] INFO in config: Constructing the database URL from environment variables.
[2026-07-02 20:54:15] INFO in database: Database engine created successfully.
[2026-07-02 20:54:16] INFO in main: FastAPI application has started successfully.
[2026-07-02 20:54:28] INFO in config: Constructing the database URL from environment variables.
[2026-07-02 20:54:28] INFO in database: Database engine created successfully.
[2026-07-02 20:54:28] INFO in main: FastAPI application has started successfully.
[2026-07-02 20:56:17] INFO in config: Constructing the database URL from environment variables.
[2026-07-02 20:56:17] INFO in database: Database engine created successfully.
[2026-07-02 20:56:18] INFO in main: FastAPI application has started successfully.
